
===========================================================================
 report_power
============================================================================
======================= Fastest Corner ===================================

Group                  Internal  Switching    Leakage      Total
                          Power      Power      Power      Power (Watts)
----------------------------------------------------------------
Sequential             3.32e-04   9.85e-04   2.00e-08   1.32e-03  11.1%
Combinational          1.71e-03   8.38e-03   6.43e-08   1.01e-02  84.8%
Clock                  2.41e-04   2.56e-04   5.53e-08   4.97e-04   4.2%
Macro                  0.00e+00   0.00e+00   0.00e+00   0.00e+00   0.0%
Pad                    0.00e+00   0.00e+00   0.00e+00   0.00e+00   0.0%
----------------------------------------------------------------
Total                  2.28e-03   9.62e-03   1.40e-07   1.19e-02 100.0%
                          19.2%      80.8%       0.0%

======================= Slowest Corner ===================================

Group                  Internal  Switching    Leakage      Total
                          Power      Power      Power      Power (Watts)
----------------------------------------------------------------
Sequential             2.31e-04   6.65e-04   3.58e-06   8.99e-04  11.1%
Combinational          1.21e-03   5.66e-03   1.67e-05   6.89e-03  84.7%
Clock                  1.72e-04   1.71e-04   1.34e-06   3.44e-04   4.2%
Macro                  0.00e+00   0.00e+00   0.00e+00   0.00e+00   0.0%
Pad                    0.00e+00   0.00e+00   0.00e+00   0.00e+00   0.0%
----------------------------------------------------------------
Total                  1.62e-03   6.49e-03   2.16e-05   8.13e-03 100.0%
                          19.9%      79.8%       0.3%

======================= Typical Corner ===================================

Group                  Internal  Switching    Leakage      Total
                          Power      Power      Power      Power (Watts)
----------------------------------------------------------------
Sequential             2.89e-04   8.40e-04   1.54e-08   1.13e-03  11.1%
Combinational          1.50e-03   7.15e-03   1.18e-08   8.65e-03  84.7%
Clock                  2.11e-04   2.18e-04   5.23e-08   4.29e-04   4.2%
Macro                  0.00e+00   0.00e+00   0.00e+00   0.00e+00   0.0%
Pad                    0.00e+00   0.00e+00   0.00e+00   0.00e+00   0.0%
----------------------------------------------------------------
Total                  2.00e-03   8.21e-03   7.95e-08   1.02e-02 100.0%
                          19.6%      80.4%       0.0%

