Partial/Required:  5.90, Required:  3143.48, Partial: 18548.57, Net: _0047_, Pin: _4687_/D, Layer: met5
Partial/Required:  4.82, Required:  3308.48, Partial: 15955.05, Net: _0344_, Pin: _4984_/D, Layer: met5
Partial/Required:  4.38, Required:  3486.68, Partial: 15271.62, Net: _0118_, Pin: _4758_/D, Layer: met5
Partial/Required:  4.36, Required:  3486.68, Partial: 15201.52, Net: _0365_, Pin: _5005_/D, Layer: met5
Partial/Required:  4.09, Required:  2773.88, Partial: 11336.76, Net: _0261_, Pin: _4901_/D, Layer: met3
Partial/Required:  3.80, Required:  3486.68, Partial: 13256.38, Net: _0071_, Pin: _4711_/D, Layer: met5
Partial/Required:  3.66, Required:  2773.88, Partial:  10152.0, Net: _0370_, Pin: _5010_/D, Layer: met3
Partial/Required:  3.56, Required:  2773.88, Partial:  9876.44, Net: _0228_, Pin: _4868_/D, Layer: met3
Partial/Required:  3.44, Required:  3308.48, Partial: 11388.44, Net: _0212_, Pin: _4852_/D, Layer: met4
Partial/Required:  3.43, Required:  2773.88, Partial:   9502.6, Net: _0386_, Pin: _5026_/D, Layer: met3
Partial/Required:  3.38, Required:  3308.48, Partial: 11170.29, Net: _0202_, Pin: _4842_/D, Layer: met3
Partial/Required:  3.37, Required:  2773.88, Partial:  9344.89, Net: _0244_, Pin: _4884_/D, Layer: met3
Partial/Required:  3.32, Required:  2773.88, Partial:  9208.51, Net: _0066_, Pin: _4706_/D, Layer: met3
Partial/Required:  3.12, Required:  2773.88, Partial:  8653.33, Net: _0403_, Pin: _5043_/D, Layer: met3
Partial/Required:  3.11, Required:  2773.88, Partial:  8639.87, Net: _0123_, Pin: _4763_/D, Layer: met3
Partial/Required:  3.06, Required:  3410.04, Partial: 10448.25, Net: _0031_, Pin: _4671_/D, Layer: met3
Partial/Required:  3.06, Required:  3486.68, Partial: 10663.11, Net: _0306_, Pin: _4946_/D, Layer: met4
Partial/Required:  3.03, Required:  2773.88, Partial:  8416.13, Net: _0216_, Pin: _4856_/D, Layer: met3
Partial/Required:  3.01, Required:  3308.48, Partial:   9971.3, Net: _0258_, Pin: _4898_/D, Layer: met4
Partial/Required:  2.98, Required:  2773.88, Partial:  8275.94, Net: _0372_, Pin: _5012_/D, Layer: met3
Partial/Required:  2.96, Required:  3410.04, Partial: 10095.49, Net: _0121_, Pin: _4761_/D, Layer: met3
Partial/Required:  2.95, Required:  2773.88, Partial:  8182.48, Net: _0226_, Pin: _4866_/D, Layer: met3
Partial/Required:  2.85, Required:  3486.68, Partial:  9944.38, Net: _0068_, Pin: _4708_/D, Layer: met5
Partial/Required:  2.84, Required:  3308.48, Partial:  9400.89, Net: _0270_, Pin: _4910_/D, Layer: met3
Partial/Required:  2.83, Required:  3410.04, Partial:  9652.83, Net: _0117_, Pin: _4757_/D, Layer: met4
Partial/Required:  2.77, Required:  3410.04, Partial:  9436.95, Net: _0394_, Pin: _5034_/D, Layer: met4
Partial/Required:  2.76, Required:  3918.68, Partial: 10796.68, Net: net5, Pin: output5/A, Layer: met5
Partial/Required:  2.73, Required:  3486.68, Partial:  9530.92, Net: _0014_, Pin: _4654_/D, Layer: met4
Partial/Required:  2.73, Required:  3486.68, Partial:  9530.92, Net: _0571_, Pin: _2474_/A0, Layer: met4
Partial/Required:  2.71, Required:  3130.28, Partial:  8493.71, Net: _0371_, Pin: _5011_/D, Layer: met4
Partial/Required:  2.69, Required:  3486.68, Partial:  9380.23, Net: _1593_, Pin: _3524_/A, Layer: met5
Partial/Required:  2.69, Required:  3486.68, Partial:   9376.0, Net: _1227_, Pin: _3130_/A, Layer: met5
Partial/Required:  2.64, Required:  3486.68, Partial:  9221.08, Net: _0059_, Pin: _4699_/D, Layer: met4
Partial/Required:  2.64, Required:  3486.68, Partial:  9220.06, Net: _0022_, Pin: _4662_/D, Layer: met4
Partial/Required:  2.64, Required:  2773.88, Partial:  7324.06, Net: _0358_, Pin: _4998_/D, Layer: met3
Partial/Required:  2.61, Required:  3843.08, Partial: 10030.73, Net: _0166_, Pin: _4806_/D, Layer: met4
Partial/Required:  2.58, Required:  2773.88, Partial:  7156.83, Net: net9, Pin: output9/A, Layer: met3
Partial/Required:  2.57, Required:  3410.04, Partial:  8754.29, Net: _0033_, Pin: _4673_/D, Layer: met3
Partial/Required:  2.54, Required:  3130.28, Partial:   7945.9, Net: _0290_, Pin: _4930_/D, Layer: met3
Partial/Required:  2.53, Required:  3130.28, Partial:  7918.48, Net: _0284_, Pin: _4924_/D, Layer: met3
Partial/Required:  2.53, Required:  3410.04, Partial:  8616.63, Net: _0215_, Pin: _4855_/D, Layer: met4
Partial/Required:  2.52, Required:  3486.68, Partial:  8797.97, Net: _0153_, Pin: _4793_/D, Layer: met4
Partial/Required:  2.51, Required:  3486.68, Partial:  8745.14, Net: _0058_, Pin: _4698_/D, Layer: met4
Partial/Required:  2.51, Required:  3308.48, Partial:  8296.13, Net: _0383_, Pin: _5023_/D, Layer: met4
Partial/Required:  2.48, Required:    400.0, Partial:   993.01, Net: _1614_, Pin: _3814_/C1, Layer: met1
Partial/Required:  2.47, Required:  2773.88, Partial:  6864.13, Net: _0059_, Pin: _4699_/D, Layer: met3
Partial/Required:  2.47, Required:  3486.68, Partial:  8597.13, Net: _2027_, Pin: _4089_/A, Layer: met3
Partial/Required:  2.46, Required:  3130.28, Partial:  7694.73, Net: _0195_, Pin: _4835_/D, Layer: met3
Partial/Required:  2.45, Required:  2773.88, Partial:   6800.1, Net: _2199_, Pin: _4412_/A, Layer: met4
Partial/Required:  2.45, Required:  3130.28, Partial:  7671.37, Net: _0156_, Pin: _4796_/D, Layer: met3
Partial/Required:  2.44, Required:  3308.48, Partial:  8086.86, Net: _0256_, Pin: _4896_/D, Layer: met5
Partial/Required:  2.44, Required:  2773.88, Partial:  6768.89, Net: _0152_, Pin: _4792_/D, Layer: met3
Partial/Required:  2.44, Required:  2773.88, Partial:  6764.06, Net: _0351_, Pin: _4991_/D, Layer: met3
Partial/Required:  2.43, Required:  3410.04, Partial:  8290.54, Net: _0010_, Pin: _4650_/D, Layer: met3
Partial/Required:  2.42, Required:  2773.88, Partial:  6725.59, Net: _0353_, Pin: _4993_/D, Layer: met4
Partial/Required:  2.42, Required:  3130.28, Partial:  7589.08, Net: _0307_, Pin: _4947_/D, Layer: met4
Partial/Required:  2.42, Required:  3308.48, Partial:  8020.83, Net: _0408_, Pin: _5048_/D, Layer: met4
Partial/Required:  2.40, Required:  3410.04, Partial:  8179.56, Net: _0101_, Pin: _4741_/D, Layer: met3
Partial/Required:  2.40, Required:  3410.04, Partial:  8171.94, Net: _0083_, Pin: _4723_/D, Layer: met3
Partial/Required:  2.39, Required:  2773.88, Partial:  6639.62, Net: _0155_, Pin: _4795_/D, Layer: met3
Partial/Required:  2.38, Required:  3410.04, Partial:  8121.14, Net: _0116_, Pin: _4756_/D, Layer: met3
Partial/Required:  2.38, Required:  3486.68, Partial:  8288.51, Net: _0110_, Pin: _4750_/D, Layer: met4
Partial/Required:  2.37, Required:  3308.48, Partial:  7839.49, Net: _0357_, Pin: _4997_/D, Layer: met4
Partial/Required:  2.36, Required:  3410.04, Partial:  8053.33, Net: _0200_, Pin: _4840_/D, Layer: met4
Partial/Required:  2.35, Required:  2773.88, Partial:  6520.51, Net: net70, Pin: _3605_/A1, Layer: met3
Partial/Required:  2.34, Required:  3918.68, Partial:  9179.05, Net: net6, Pin: _3311_/A, Layer: met3
Partial/Required:  2.34, Required:  3130.28, Partial:   7318.6, Net: net244, Pin: _3260_/B, Layer: met3
Partial/Required:  2.33, Required:  3410.04, Partial:  7944.13, Net: _0343_, Pin: _4983_/D, Layer: met3
Partial/Required:  2.33, Required:  2773.88, Partial:   6459.3, Net: _0153_, Pin: _4793_/D, Layer: met3
Partial/Required:  2.33, Required:  3410.04, Partial:  7929.14, Net: _0373_, Pin: _5013_/D, Layer: met5
Partial/Required:  2.32, Required:  2773.88, Partial:  6437.94, Net: _0639_, Pin: _2541_/A1, Layer: met3
Partial/Required:  2.28, Required:  3410.04, Partial:  7779.05, Net: _0229_, Pin: _4869_/D, Layer: met4
Partial/Required:  2.28, Required:  3486.68, Partial:   7942.1, Net: _0067_, Pin: _4707_/D, Layer: met4
Partial/Required:  2.27, Required:  3130.28, Partial:  7104.76, Net: _0227_, Pin: _4867_/D, Layer: met3
Partial/Required:  2.24, Required:  3486.68, Partial:  7821.21, Net: _0216_, Pin: _4856_/D, Layer: met4
Partial/Required:  2.24, Required:    400.0, Partial:   895.91, Net: clk, Pin: clkbuf_0_clk/A, Layer: met3
Partial/Required:  2.23, Required:  3486.68, Partial:  7777.02, Net: _0286_, Pin: _4926_/D, Layer: met4
Partial/Required:  2.22, Required:  3091.96, Partial:  6878.98, Net: _0020_, Pin: _4660_/D, Layer: met4
Partial/Required:  2.21, Required:  3130.28, Partial:  6931.81, Net: _0322_, Pin: _4962_/D, Layer: met4
Partial/Required:  2.21, Required:  3486.68, Partial:  7717.59, Net: _0272_, Pin: _4912_/D, Layer: met4
Partial/Required:  2.20, Required:  3410.04, Partial:  7507.81, Net: _0023_, Pin: _4663_/D, Layer: met3
Partial/Required:  2.19, Required:  3130.28, Partial:  6851.81, Net: _0287_, Pin: _4927_/D, Layer: met3
Partial/Required:  2.19, Required:  2773.88, Partial:  6063.87, Net: _1420_, Pin: _3328_/B, Layer: met3
Partial/Required:  2.18, Required:  3486.68, Partial:  7605.33, Net: _0228_, Pin: _4868_/D, Layer: met4
Partial/Required:  2.16, Required:  3308.48, Partial:   7155.3, Net: _0182_, Pin: _4822_/D, Layer: met4
Partial/Required:  2.15, Required:  3410.04, Partial:  7330.03, Net: _0201_, Pin: _4841_/D, Layer: met4
Partial/Required:  2.14, Required:   4046.2, Partial:  8668.44, Net: _0386_, Pin: _5026_/D, Layer: met4
Partial/Required:  2.14, Required:  2773.88, Partial:   5924.7, Net: _0283_, Pin: _4923_/D, Layer: met3
Partial/Required:  2.10, Required:    400.0, Partial:    840.4, Net: _1360_, Pin: _3268_/A, Layer: met1
Partial/Required:  2.10, Required:   4046.2, Partial:  8478.48, Net: _0370_, Pin: _5010_/D, Layer: met4
Partial/Required:  2.09, Required:  3410.04, Partial:  7122.79, Net: _0230_, Pin: _4870_/D, Layer: met4
Partial/Required:  2.08, Required:  2773.88, Partial:  5765.97, Net: _0110_, Pin: _4750_/D, Layer: met3
Partial/Required:  2.07, Required:  3130.28, Partial:  6476.44, Net: _0359_, Pin: _4999_/D, Layer: met3
Partial/Required:  2.07, Required:  2773.88, Partial:  5738.97, Net: RF.registers\[20\]\[6\], Pin: _2620_/A0, Layer: met3
Partial/Required:  2.07, Required:  3308.48, Partial:  6842.67, Net: _0353_, Pin: _4993_/D, Layer: met5
Partial/Required:  2.07, Required:  3308.48, Partial:  6837.84, Net: _0070_, Pin: _4710_/D, Layer: met4
Partial/Required:  2.06, Required:  3410.04, Partial:  7026.79, Net: _0329_, Pin: _4969_/D, Layer: met4
Partial/Required:  2.03, Required:  3130.28, Partial:  6362.92, Net: _0385_, Pin: _5025_/D, Layer: met4
Partial/Required:  2.01, Required:  3486.68, Partial:  7001.84, Net: _2173_, Pin: _4363_/A, Layer: met4
Partial/Required:  1.98, Required:  3130.28, Partial:  6206.48, Net: _0137_, Pin: _4777_/D, Layer: met4
Partial/Required:  1.98, Required:  3486.68, Partial:  6908.85, Net: _2042_, Pin: _4113_/A, Layer: met5
Partial/Required:  1.95, Required:  3130.28, Partial:  6113.52, Net: _0254_, Pin: _4894_/D, Layer: met3
Partial/Required:  1.95, Required:  3130.28, Partial:   6111.6, Net: net13, Pin: output13/A, Layer: met3
Partial/Required:  1.95, Required:    400.0, Partial:   779.87, Net: _0438_, Pin: _2720_/A1, Layer: met1
Partial/Required:  1.94, Required:  3486.68, Partial:  6749.46, Net: _0115_, Pin: _4755_/D, Layer: met3
Partial/Required:  1.93, Required:  3410.04, Partial:  6593.78, Net: _0316_, Pin: _4956_/D, Layer: met3
Partial/Required:  1.93, Required:  2773.88, Partial:  5363.15, Net: _2186_, Pin: _4387_/A, Layer: met3
Partial/Required:  1.92, Required:  2773.88, Partial:  5328.36, Net: RF.registers\[21\]\[20\], Pin: _2462_/A1, Layer: met3
Partial/Required:  1.92, Required:  3410.04, Partial:  6535.62, Net: _0164_, Pin: _4804_/D, Layer: met4
Partial/Required:  1.92, Required:  3486.68, Partial:   6681.4, Net: _1081_, Pin: _2983_/B1, Layer: met4
Partial/Required:  1.91, Required:  2773.88, Partial:  5310.35, Net: _0408_, Pin: _5048_/D, Layer: met3
Partial/Required:  1.91, Required:  3091.96, Partial:  5914.92, Net: _0122_, Pin: _4762_/D, Layer: met3
Partial/Required:  1.91, Required:  3308.48, Partial:  6316.95, Net: _0198_, Pin: _4838_/D, Layer: met5
Partial/Required:  1.90, Required:  3486.68, Partial:  6618.59, Net: _2025_, Pin: _4085_/A, Layer: met5
Partial/Required:  1.89, Required:  2773.88, Partial:   5233.2, Net: _0741_, Pin: _2645_/B1, Layer: met3
Partial/Required:  1.88, Required:  2773.88, Partial:  5227.64, Net: _2163_, Pin: _4344_/A, Layer: met3
Partial/Required:  1.88, Required:  3486.68, Partial:  6565.59, Net: _0226_, Pin: _4866_/D, Layer: met4
Partial/Required:  1.87, Required:  3308.48, Partial:  6197.84, Net: _0091_, Pin: _4731_/D, Layer: met4
Partial/Required:  1.87, Required:  3130.28, Partial:   5854.9, Net: _0620_, Pin: _2692_/A, Layer: met4
Partial/Required:  1.86, Required:  2773.88, Partial:   5166.2, Net: _1969_, Pin: _3982_/A, Layer: met3
Partial/Required:  1.86, Required:  3486.68, Partial:  6491.43, Net: _0400_, Pin: _5040_/D, Layer: met4
Partial/Required:  1.86, Required:  3130.28, Partial:  5810.29, Net: _0013_, Pin: _4653_/D, Layer: met4
Partial/Required:  1.85, Required:    400.0, Partial:   740.05, Net: net25, Pin: _4495_/A1, Layer: met1
Partial/Required:  1.85, Required:  2773.88, Partial:  5128.13, Net: _0242_, Pin: _4882_/D, Layer: met4
Partial/Required:  1.85, Required:  3486.68, Partial:  6444.95, Net: _0076_, Pin: _4716_/D, Layer: met5
Partial/Required:  1.83, Required:  3130.28, Partial:  5738.28, Net: _0754_, Pin: _2692_/C, Layer: met3
Partial/Required:  1.83, Required:  3486.68, Partial:  6371.56, Net: _0244_, Pin: _4884_/D, Layer: met4
Partial/Required:  1.83, Required:  3410.04, Partial:  6228.57, Net: _0126_, Pin: _4766_/D, Layer: met3
Partial/Required:  1.83, Required:  2773.88, Partial:  5065.02, Net: _0164_, Pin: _4804_/D, Layer: met3
Partial/Required:  1.82, Required:  3486.68, Partial:  6359.44, Net: _1976_, Pin: _3996_/A, Layer: met5
Partial/Required:  1.82, Required:  3486.68, Partial:  6354.29, Net: _2000_, Pin: _4037_/A, Layer: met4
Partial/Required:  1.82, Required:  3308.48, Partial:  6026.16, Net: _0034_, Pin: _4674_/D, Layer: met4
Partial/Required:  1.82, Required:  3486.68, Partial:  6342.44, Net: _2171_, Pin: _4359_/A, Layer: met4
Partial/Required:  1.82, Required:  3091.96, Partial:  5619.81, Net: _0120_, Pin: _4760_/D, Layer: met3
Partial/Required:  1.82, Required:  3308.48, Partial:  6008.89, Net: _0184_, Pin: _4824_/D, Layer: met4
Partial/Required:  1.81, Required:  2773.88, Partial:  5024.63, Net: _0063_, Pin: _4703_/D, Layer: met3
Partial/Required:  1.81, Required:  3486.68, Partial:  6311.11, Net: _0179_, Pin: _4819_/D, Layer: met4
Partial/Required:  1.81, Required:  3410.04, Partial:  6170.67, Net: _0320_, Pin: _4960_/D, Layer: met3
Partial/Required:  1.81, Required:  3410.04, Partial:  6170.16, Net: _0336_, Pin: _4976_/D, Layer: met3
Partial/Required:  1.81, Required:  2773.88, Partial:   5012.7, Net: _0214_, Pin: _4854_/D, Layer: met3
Partial/Required:  1.81, Required:  3308.48, Partial:  5974.35, Net: _0063_, Pin: _4703_/D, Layer: met4
Partial/Required:  1.80, Required:  3410.04, Partial:  6129.27, Net: _0366_, Pin: _5006_/D, Layer: met3
Partial/Required:  1.79, Required:  3410.04, Partial:  6111.75, Net: _0345_, Pin: _4985_/D, Layer: met3
Partial/Required:  1.78, Required:  2773.88, Partial:  4946.41, Net: net205, Pin: _3250_/B, Layer: met3
Partial/Required:  1.78, Required:  3410.04, Partial:  6077.97, Net: _0291_, Pin: _4931_/D, Layer: met4
Partial/Required:  1.78, Required:    400.0, Partial:   711.03, Net: _0029_, Pin: _4669_/D, Layer: met1
Partial/Required:  1.77, Required:  3130.28, Partial:  5555.52, Net: _2287_, Pin: _4580_/A, Layer: met4
Partial/Required:  1.77, Required:  3130.28, Partial:   5542.6, Net: _0404_, Pin: _5044_/D, Layer: met4
Partial/Required:  1.77, Required:  3486.68, Partial:  6172.95, Net: _0217_, Pin: _4857_/D, Layer: met4
Partial/Required:  1.77, Required:  2773.88, Partial:  4909.58, Net: _1709_, Pin: _3648_/A, Layer: met3
Partial/Required:  1.76, Required:  2773.88, Partial:  4891.87, Net: net662, Pin: _4445_/A0, Layer: met3
Partial/Required:  1.76, Required:  3130.28, Partial:  5515.94, Net: _0231_, Pin: _4871_/D, Layer: met3
Partial/Required:  1.75, Required:  2773.88, Partial:  4864.63, Net: _0143_, Pin: _4783_/D, Layer: met3
Partial/Required:  1.75, Required:  3091.96, Partial:  5422.22, Net: _0414_, Pin: _5054_/D, Layer: met3
Partial/Required:  1.75, Required:  3130.28, Partial:  5482.16, Net: _0381_, Pin: _5021_/D, Layer: met4
Partial/Required:  1.75, Required:  3486.68, Partial:  6103.87, Net: _0340_, Pin: _4980_/D, Layer: met4
Partial/Required:  1.75, Required:  3091.96, Partial:  5402.92, Net: _0107_, Pin: _4747_/D, Layer: met3
Partial/Required:  1.74, Required:  3486.68, Partial:   6083.0, Net: _2020_, Pin: _4075_/A, Layer: met4
Partial/Required:  1.74, Required:  2773.88, Partial:  4835.43, Net: _0294_, Pin: _4934_/D, Layer: met3
Partial/Required:  1.73, Required:  3130.28, Partial:  5410.79, Net: _0314_, Pin: _4954_/D, Layer: met3
Partial/Required:  1.73, Required:  3308.48, Partial:   5715.3, Net: _0337_, Pin: _4977_/D, Layer: met4
Partial/Required:  1.72, Required:  3130.28, Partial:   5392.0, Net: _0241_, Pin: _4881_/D, Layer: met3
Partial/Required:  1.72, Required:    400.0, Partial:    687.1, Net: _1019_, Pin: load_slew422/A, Layer: met1
Partial/Required:  1.71, Required:  2773.88, Partial:  4736.13, Net: net273, Pin: _3157_/B, Layer: met3
Partial/Required:  1.70, Required:  3130.28, Partial:  5330.79, Net: _0028_, Pin: _4668_/D, Layer: met3
Partial/Required:  1.69, Required:  2773.88, Partial:  4694.95, Net: _0645_, Pin: _2552_/C1, Layer: met3
Partial/Required:  1.69, Required:  2773.88, Partial:  4677.37, Net: _1306_, Pin: _3215_/B, Layer: met3
Partial/Required:  1.67, Required:  3308.48, Partial:  5540.51, Net: _2312_, Pin: _4630_/A, Layer: met5
Partial/Required:  1.67, Required:  2773.88, Partial:  4637.16, Net: _2040_, Pin: _4109_/A, Layer: met3
Partial/Required:  1.67, Required:  3410.04, Partial:   5689.4, Net: _0247_, Pin: _4887_/D, Layer: met4
Partial/Required:  1.67, Required:  3410.04, Partial:  5687.37, Net: _0129_, Pin: _4769_/D, Layer: met4
Partial/Required:  1.67, Required:  3486.68, Partial:  5810.29, Net: _0187_, Pin: _4827_/D, Layer: met4
Partial/Required:  1.66, Required:  3410.04, Partial:  5674.67, Net: net408, Pin: _4695_/D, Layer: met3
Partial/Required:  1.66, Required:  3410.04, Partial:  5671.11, Net: _0396_, Pin: _5036_/D, Layer: met4
Partial/Required:  1.65, Required:  2773.88, Partial:  4584.25, Net: _1081_, Pin: _2983_/B1, Layer: met3
Partial/Required:  1.65, Required:  3486.68, Partial:  5751.53, Net: _1589_, Pin: _3518_/A, Layer: met4
Partial/Required:  1.64, Required:  3130.28, Partial:  5138.54, Net: _0218_, Pin: _4858_/D, Layer: met3
Partial/Required:  1.64, Required:  2773.88, Partial:  4548.78, Net: net428, Pin: _3274_/A, Layer: met3
Partial/Required:  1.64, Required:  3147.38, Partial:  5159.31, Net: _1095_, Pin: _2997_/D, Layer: met4
Partial/Required:  1.63, Required:  3486.68, Partial:  5698.03, Net: _0304_, Pin: _4944_/D, Layer: met4
Partial/Required:  1.62, Required:  3410.04, Partial:  5507.81, Net: _0193_, Pin: _4833_/D, Layer: met3
Partial/Required:  1.60, Required:  2773.88, Partial:  4444.06, Net: _0077_, Pin: _4717_/D, Layer: met3
Partial/Required:  1.57, Required:  3486.68, Partial:   5472.6, Net: _2209_, Pin: _4431_/A, Layer: met4
Partial/Required:  1.55, Required:  3158.88, Partial:  4896.58, Net: _0649_, Pin: _2551_/C1, Layer: met4
Partial/Required:  1.54, Required:  3486.68, Partial:  5384.45, Net: _1885_, Pin: _3834_/A, Layer: met4
Partial/Required:  1.54, Required:    400.0, Partial:   615.94, Net: net137, Pin: _3136_/B1, Layer: met1
Partial/Required:  1.53, Required:  3843.08, Partial:  5870.73, Net: _0052_, Pin: _4692_/D, Layer: met4
Partial/Required:  1.53, Required:  3486.68, Partial:  5325.08, Net: _2158_, Pin: _4334_/A, Layer: met3
Partial/Required:  1.53, Required:  3130.28, Partial:   4774.1, Net: _0330_, Pin: _4970_/D, Layer: met4
Partial/Required:  1.52, Required:  2773.88, Partial:  4227.94, Net: _0272_, Pin: _4912_/D, Layer: met3
Partial/Required:  1.52, Required:  3486.68, Partial:  5312.39, Net: _2229_, Pin: _4469_/A, Layer: met5
Partial/Required:  1.52, Required:  3130.28, Partial:  4764.44, Net: _0423_, Pin: _2327_/A_N, Layer: met4
Partial/Required:  1.52, Required:  3130.28, Partial:  4756.83, Net: _0079_, Pin: _4719_/D, Layer: met4
Partial/Required:  1.52, Required:  2773.88, Partial:  4215.01, Net: _1866_, Pin: _3814_/B2, Layer: met3
Partial/Required:  1.52, Required:  3767.48, Partial:  5721.14, Net: _0039_, Pin: _4679_/D, Layer: met5
Partial/Required:  1.52, Required:  3486.68, Partial:   5291.7, Net: _1054_, Pin: _2956_/B2, Layer: met4
Partial/Required:  1.51, Required:  3486.68, Partial:  5280.57, Net: _1766_, Pin: _3708_/A, Layer: met3
Partial/Required:  1.51, Required:    400.0, Partial:   605.14, Net: _1646_, Pin: _3699_/A, Layer: met1
Partial/Required:  1.51, Required:  3130.28, Partial:  4711.62, Net: _0098_, Pin: _4738_/D, Layer: met3
Partial/Required:  1.50, Required:  3486.68, Partial:  5219.46, Net: _1983_, Pin: _4009_/A, Layer: met3
Partial/Required:  1.50, Required:    400.0, Partial:   598.41, Net: RF.registers\[7\]\[23\], Pin: _2872_/A1, Layer: met1
Partial/Required:  1.49, Required:  3486.68, Partial:  5187.49, Net: _2237_, Pin: _4484_/A, Layer: met5
Partial/Required:  1.48, Required:  3147.38, Partial:  4672.39, Net: _1125_, Pin: _3027_/D1, Layer: met4
Partial/Required:  1.48, Required:  3130.28, Partial:  4618.67, Net: _0109_, Pin: _4749_/D, Layer: met4
Partial/Required:  1.47, Required:  2773.88, Partial:   4081.9, Net: _0027_, Pin: _4667_/D, Layer: met3
Partial/Required:  1.47, Required:  3486.68, Partial:  5127.81, Net: _2137_, Pin: _4293_/A, Layer: met4
Partial/Required:  1.46, Required:  3486.68, Partial:  5103.19, Net: _2157_, Pin: _4332_/A, Layer: met4
Partial/Required:  1.46, Required:  2773.88, Partial:  4047.11, Net: _0109_, Pin: _4749_/D, Layer: met3
Partial/Required:  1.46, Required:  2773.88, Partial:  4046.86, Net: _2000_, Pin: _4037_/A, Layer: met3
Partial/Required:  1.46, Required:  3486.68, Partial:  5080.64, Net: _2140_, Pin: _4299_/A, Layer: met4
Partial/Required:  1.45, Required:  2773.88, Partial:  4031.11, Net: _0180_, Pin: _4820_/D, Layer: met3
Partial/Required:  1.45, Required:  3410.04, Partial:  4949.84, Net: _0317_, Pin: _4957_/D, Layer: met3
Partial/Required:  1.45, Required:  3486.68, Partial:  5060.83, Net: _0695_, Pin: _2597_/A1, Layer: met3
Partial/Required:  1.45, Required:  3308.48, Partial:  4781.71, Net: _0255_, Pin: _4895_/D, Layer: met4
Partial/Required:  1.44, Required:  2773.88, Partial:  4005.04, Net: _0676_, Pin: _2580_/A2, Layer: met3
Partial/Required:  1.44, Required:  3486.68, Partial:  5033.14, Net: net273, Pin: _3157_/B, Layer: met4
Partial/Required:  1.44, Required:    400.0, Partial:    576.9, Net: clk, Pin: clkbuf_0_clk/A, Layer: met4
Partial/Required:  1.44, Required:  3486.68, Partial:  5026.85, Net: _2267_, Pin: _4541_/A, Layer: met4
Partial/Required:  1.44, Required:  2773.88, Partial:  3984.13, Net: _0088_, Pin: _4728_/D, Layer: met3
Partial/Required:  1.43, Required:  3486.68, Partial:  5000.11, Net: _2216_, Pin: _4444_/A, Layer: met4
Partial/Required:  1.43, Required:  2773.88, Partial:  3976.76, Net: _0330_, Pin: _4970_/D, Layer: met3
Partial/Required:  1.42, Required:  3486.68, Partial:  4938.16, Net: _0352_, Pin: _4992_/D, Layer: met4
Partial/Required:  1.41, Required:  2773.88, Partial:  3918.35, Net: _1078_, Pin: _2983_/A1_N, Layer: met3
Partial/Required:  1.41, Required:  3486.68, Partial:  4923.49, Net: _2008_, Pin: _4052_/A, Layer: met4
Partial/Required:  1.40, Required:  3486.68, Partial:  4898.55, Net: _2212_, Pin: _4437_/A, Layer: met3
Partial/Required:  1.40, Required:  3486.68, Partial:  4871.82, Net: _2244_, Pin: _4498_/A, Layer: met4
Partial/Required:  1.40, Required:    400.0, Partial:   558.42, Net: RF.registers\[8\]\[0\], Pin: _3958_/A0, Layer: met1
Partial/Required:  1.39, Required:  3486.68, Partial:  4855.98, Net: _0737_, Pin: _2645_/A2, Layer: met4
Partial/Required:  1.39, Required:    400.0, Partial:   554.82, Net: RF.registers\[5\]\[5\], Pin: _4112_/A1, Layer: met1
Partial/Required:  1.39, Required:  3130.28, Partial:  4341.33, Net: _0334_, Pin: _4974_/D, Layer: met4
Partial/Required:  1.39, Required:  3486.68, Partial:  4834.54, Net: _0294_, Pin: _4934_/D, Layer: met4
Partial/Required:  1.39, Required:  3130.28, Partial:  4339.98, Net: _1368_, Pin: _3278_/C, Layer: met5
Partial/Required:  1.39, Required:  2773.88, Partial:  3845.21, Net: _0039_, Pin: _4679_/D, Layer: met3
Partial/Required:  1.38, Required:  3270.68, Partial:  4522.92, Net: _1215_, Pin: _3117_/D, Layer: met3
Partial/Required:  1.38, Required:  3410.04, Partial:  4696.38, Net: _0281_, Pin: _4921_/D, Layer: met4
Partial/Required:  1.38, Required:  3130.28, Partial:  4310.76, Net: _0575_, Pin: _2477_/C1, Layer: met3
Partial/Required:  1.37, Required:  3486.68, Partial:   4783.7, Net: _2099_, Pin: _4221_/A, Layer: met5
Partial/Required:  1.36, Required:  3130.28, Partial:  4263.62, Net: _0017_, Pin: _4657_/D, Layer: met4
Partial/Required:  1.36, Required:  3308.48, Partial:  4497.58, Net: net349, Pin: _3805_/A, Layer: met4
Partial/Required:  1.36, Required:  3091.96, Partial:  4195.56, Net: _0094_, Pin: _4734_/D, Layer: met4
Partial/Required:  1.35, Required:  3143.48, Partial:  4256.52, Net: _1826_, Pin: _3772_/B, Layer: met3
Partial/Required:  1.35, Required:  2773.88, Partial:  3737.27, Net: _0201_, Pin: _4841_/D, Layer: met3
Partial/Required:  1.35, Required:    400.0, Partial:   538.17, Net: _0673_, Pin: _3390_/A, Layer: met1
Partial/Required:  1.34, Required:    400.0, Partial:   536.09, Net: _2108_, Pin: _4240_/S, Layer: met1
Partial/Required:  1.34, Required:  2773.88, Partial:  3714.85, Net: _1589_, Pin: _3518_/A, Layer: met3
Partial/Required:  1.34, Required:  3308.48, Partial:   4428.7, Net: _0186_, Pin: _4826_/D, Layer: met4
Partial/Required:  1.34, Required:  3130.28, Partial:  4186.92, Net: _0072_, Pin: _4712_/D, Layer: met4
Partial/Required:  1.33, Required:  3158.88, Partial:  4215.73, Net: _1196_, Pin: _3098_/C1, Layer: met4
Partial/Required:  1.33, Required:  3410.04, Partial:  4547.05, Net: _0174_, Pin: _4814_/D, Layer: met5
Partial/Required:  1.33, Required:  2773.88, Partial:  3698.75, Net: _0649_, Pin: _2551_/C1, Layer: met3
Partial/Required:  1.33, Required:  3130.28, Partial:  4162.54, Net: _0342_, Pin: _4982_/D, Layer: met3
Partial/Required:  1.33, Required:  2773.88, Partial:  3687.63, Net: _1696_, Pin: _3636_/A, Layer: met3
Partial/Required:  1.33, Required:  3410.04, Partial:  4524.62, Net: _1952_, Pin: _3950_/A, Layer: met5
Partial/Required:  1.33, Required:  3410.04, Partial:  4521.65, Net: _0293_, Pin: _4933_/D, Layer: met4
Partial/Required:  1.33, Required:  2773.88, Partial:  3676.92, Net: _1929_, Pin: _3904_/A, Layer: met3
Partial/Required:  1.32, Required:  3410.04, Partial:  4497.27, Net: _0377_, Pin: _5017_/D, Layer: met3
Partial/Required:  1.31, Required:  2773.88, Partial:  3642.92, Net: _0114_, Pin: _4754_/D, Layer: met4
Partial/Required:  1.31, Required:  3486.68, Partial:  4562.81, Net: _1562_, Pin: _3481_/B, Layer: met3
Partial/Required:  1.31, Required:  2773.88, Partial:  3626.21, Net: RF.registers\[4\]\[21\], Pin: _4551_/A1, Layer: met3
Partial/Required:  1.30, Required:  3486.68, Partial:  4544.91, Net: _0756_, Pin: _2660_/A2, Layer: met4
Partial/Required:  1.30, Required:  3486.68, Partial:  4519.36, Net: _2161_, Pin: _4340_/A, Layer: met4
Partial/Required:  1.29, Required:  3486.68, Partial:   4508.7, Net: _1683_, Pin: _3699_/B, Layer: met4
Partial/Required:  1.29, Required:  3130.28, Partial:  4046.73, Net: _1531_, Pin: _3441_/B, Layer: met3
Partial/Required:  1.29, Required:  2773.88, Partial:  3582.77, Net: _2288_, Pin: _4582_/A, Layer: met3
Partial/Required:  1.29, Required:  3308.48, Partial:  4268.88, Net: net14, Pin: output8/A, Layer: met3
Partial/Required:  1.29, Required:  3130.28, Partial:   4038.1, Net: _0407_, Pin: _5047_/D, Layer: met3
Partial/Required:  1.28, Required:  3486.68, Partial:  4467.62, Net: _2010_, Pin: _4056_/A, Layer: met4
Partial/Required:  1.28, Required:  2773.88, Partial:  3553.11, Net: _2001_, Pin: _4039_/A, Layer: met3
Partial/Required:  1.27, Required:  2773.88, Partial:  3526.98, Net: _0013_, Pin: _4653_/D, Layer: met3
Partial/Required:  1.27, Required:  3091.96, Partial:  3926.84, Net: _1927_, Pin: _3900_/A, Layer: met4
Partial/Required:  1.26, Required:  3486.68, Partial:  4397.27, Net: _1974_, Pin: _3992_/A, Layer: met3
Partial/Required:  1.26, Required:  2773.88, Partial:   3496.6, Net: net609, Pin: _4549_/A1, Layer: met3
Partial/Required:  1.26, Required:  3410.04, Partial:  4293.59, Net: _0181_, Pin: _4821_/D, Layer: met4
Partial/Required:  1.26, Required:  3130.28, Partial:  3935.78, Net: _0397_, Pin: _5037_/D, Layer: met2
Partial/Required:  1.26, Required:  3486.68, Partial:   4383.8, Net: _2023_, Pin: _4081_/A, Layer: met4
Partial/Required:  1.26, Required:  3486.68, Partial:  4381.45, Net: _2266_, Pin: _4539_/A, Layer: met4
Partial/Required:  1.26, Required:  3486.68, Partial:  4379.04, Net: _2281_, Pin: _4568_/A, Layer: met3
Partial/Required:  1.25, Required:    400.0, Partial:   501.33, Net: _0416_, Pin: _2426_/B_N, Layer: met1
Partial/Required:  1.25, Required:  2773.88, Partial:  3474.92, Net: _0306_, Pin: _4946_/D, Layer: met3
Partial/Required:  1.25, Required:  3308.48, Partial:  4143.75, Net: _0066_, Pin: _4706_/D, Layer: met4
Partial/Required:  1.25, Required:    400.0, Partial:   500.66, Net: _0547_, Pin: _2825_/A, Layer: met1
Partial/Required:  1.25, Required:  2773.88, Partial:  3464.51, Net: _0058_, Pin: _4698_/D, Layer: met3
Partial/Required:  1.25, Required:  3130.28, Partial:  3903.75, Net: _0347_, Pin: _4987_/D, Layer: met3
Partial/Required:  1.24, Required:  3308.48, Partial:  4116.56, Net: net324, Pin: _4100_/B, Layer: met3
Partial/Required:  1.24, Required:  2773.88, Partial:  3443.98, Net: _2092_, Pin: _4208_/A, Layer: met4
Partial/Required:  1.24, Required:  3130.28, Partial:   3872.0, Net: _1313_, Pin: _3221_/B_N, Layer: met3
Partial/Required:  1.23, Required:  3158.88, Partial:  3893.33, Net: _1078_, Pin: _2983_/A1_N, Layer: met4
Partial/Required:  1.23, Required:  3304.16, Partial:  4065.75, Net: RF.registers\[20\]\[20\], Pin: _4345_/A0, Layer: met5
Partial/Required:  1.23, Required:  2773.88, Partial:  3410.41, Net: ID.pc\[4\], Pin: _2341_/A, Layer: met3
Partial/Required:  1.23, Required:  2773.88, Partial:  3409.01, Net: _2259_, Pin: _4526_/A, Layer: met3
Partial/Required:  1.22, Required:  3486.68, Partial:  4269.67, Net: _1998_, Pin: _4033_/A, Layer: met4
Partial/Required:  1.22, Required:  3143.48, Partial:  3846.72, Net: _1467_, Pin: _3376_/B1, Layer: met3
Partial/Required:  1.22, Required:    400.0, Partial:   487.26, Net: _1829_, Pin: _3776_/B, Layer: met1
Partial/Required:  1.22, Required:    400.0, Partial:   486.72, Net: _0422_, Pin: _3162_/A1, Layer: met1
Partial/Required:  1.21, Required:  2773.88, Partial:  3357.59, Net: _0247_, Pin: _4887_/D, Layer: met3
Partial/Required:  1.21, Required:  2773.88, Partial:  3356.77, Net: _2021_, Pin: _4077_/A, Layer: met3
Partial/Required:  1.21, Required:  3130.28, Partial:  3772.44, Net: _0292_, Pin: _4932_/D, Layer: met4
Partial/Required:  1.20, Required:  3308.48, Partial:  3979.68, Net: _0372_, Pin: _5012_/D, Layer: met4
Partial/Required:  1.20, Required:  3130.28, Partial:  3762.42, Net: _1365_, Pin: _3279_/B, Layer: met4
Partial/Required:  1.20, Required:  3130.28, Partial:  3759.71, Net: _2308_, Pin: _4622_/A, Layer: met3
Partial/Required:  1.20, Required:  3486.68, Partial:  4182.76, Net: _0835_, Pin: _2737_/A1, Layer: met3
Partial/Required:  1.19, Required:  3130.28, Partial:  3733.33, Net: _1159_, Pin: _3061_/C1, Layer: met5
Partial/Required:  1.19, Required:  3486.68, Partial:  4150.99, Net: _2116_, Pin: _4253_/A, Layer: met4
Partial/Required:  1.19, Required:  3486.68, Partial:  4149.27, Net: _0841_, Pin: _2749_/A2, Layer: met4
Partial/Required:  1.19, Required:  3308.48, Partial:  3933.71, Net: _0299_, Pin: _4939_/D, Layer: met5
Partial/Required:  1.19, Required:  3486.68, Partial:  4136.26, Net: _2019_, Pin: _4073_/A, Layer: met4
Partial/Required:  1.18, Required:  2773.88, Partial:  3282.16, Net: _0034_, Pin: _4674_/D, Layer: met3
Partial/Required:  1.18, Required:  3130.28, Partial:  3699.68, Net: _2309_, Pin: _4624_/A, Layer: met3
Partial/Required:  1.18, Required:  3410.04, Partial:  4028.95, Net: _0185_, Pin: _4825_/D, Layer: met4
Partial/Required:  1.18, Required:  3410.04, Partial:   4028.7, Net: _0106_, Pin: _4746_/D, Layer: met3
Partial/Required:  1.18, Required:  3486.68, Partial:  4109.52, Net: _1962_, Pin: _3969_/A, Layer: met3
Partial/Required:  1.17, Required:  3143.48, Partial:  3691.57, Net: _0847_, Pin: _2749_/B2, Layer: met4
Partial/Required:  1.17, Required:  3410.04, Partial:  3998.35, Net: _1951_, Pin: _3948_/A, Layer: met4
Partial/Required:  1.16, Required:  3130.28, Partial:  3643.57, Net: _1957_, Pin: _3959_/A, Layer: met4
Partial/Required:  1.16, Required:  3308.48, Partial:  3841.52, Net: _0351_, Pin: _4991_/D, Layer: met4
Partial/Required:  1.16, Required:  3130.28, Partial:  3634.42, Net: _0791_, Pin: _3118_/A, Layer: met4
Partial/Required:  1.16, Required:  2773.88, Partial:   3218.7, Net: _2101_, Pin: _4225_/A, Layer: met3
Partial/Required:  1.16, Required:  3130.28, Partial:  3630.49, Net: _1060_, Pin: _2963_/A0, Layer: met3
Partial/Required:  1.15, Required:  2773.88, Partial:  3203.56, Net: _1890_, Pin: _3841_/C, Layer: met3
Partial/Required:  1.15, Required:  3130.28, Partial:  3612.96, Net: _1369_, Pin: _3277_/C, Layer: met4
Partial/Required:  1.15, Required:  3486.68, Partial:  4021.14, Net: _2256_, Pin: _4520_/A, Layer: met5
Partial/Required:  1.15, Required:  2773.88, Partial:  3185.54, Net: _2221_, Pin: _4454_/A, Layer: met3
Partial/Required:  1.14, Required:  3130.28, Partial:  3572.75, Net: _0950_, Pin: _2852_/C1, Layer: met5
Partial/Required:  1.14, Required:  2773.88, Partial:  3164.38, Net: _1221_, Pin: _3123_/C, Layer: met3
Partial/Required:  1.14, Required:    400.0, Partial:   455.96, Net: _0418_, Pin: _2330_/A2, Layer: met1
Partial/Required:  1.14, Required:  3486.68, Partial:  3973.41, Net: _2261_, Pin: _4529_/A, Layer: met4
Partial/Required:  1.13, Required:  3486.68, Partial:  3956.44, Net: _2126_, Pin: _4272_/A, Layer: met3
Partial/Required:  1.13, Required:  3130.28, Partial:  3546.51, Net: _1689_, Pin: _3627_/B1_N, Layer: met4
Partial/Required:  1.13, Required:  2773.88, Partial:   3142.1, Net: _0344_, Pin: _4984_/D, Layer: met4
Partial/Required:  1.13, Required:  3410.04, Partial:  3857.78, Net: _0027_, Pin: _4667_/D, Layer: met4
Partial/Required:  1.13, Required:    400.0, Partial:   452.41, Net: _2026_, Pin: _4087_/A, Layer: met1
Partial/Required:  1.13, Required:  3130.28, Partial:  3535.75, Net: net593, Pin: _4678_/D, Layer: met3
Partial/Required:  1.13, Required:  3486.68, Partial:  3937.23, Net: _2292_, Pin: _4590_/A, Layer: met4
Partial/Required:  1.13, Required:  3410.04, Partial:  3850.16, Net: _0210_, Pin: _4850_/D, Layer: met4
Partial/Required:  1.13, Required:  3486.68, Partial:  3933.75, Net: _2255_, Pin: _4518_/A, Layer: met5
Partial/Required:  1.12, Required:  3410.04, Partial:  3832.89, Net: _0282_, Pin: _4922_/D, Layer: met4
Partial/Required:  1.12, Required:  3486.68, Partial:  3914.86, Net: _0923_, Pin: _2825_/B, Layer: met3
Partial/Required:  1.12, Required:  3130.28, Partial:  3494.86, Net: _0276_, Pin: _4916_/D, Layer: met3
Partial/Required:  1.12, Required:  3130.28, Partial:   3491.0, Net: _2029_, Pin: _4093_/A, Layer: met3
Partial/Required:  1.11, Required:  3143.48, Partial:   3504.3, Net: _1222_, Pin: _3124_/A, Layer: met3
Partial/Required:  1.11, Required:  3143.48, Partial:  3503.71, Net: _1451_, Pin: _3383_/A1, Layer: met5
Partial/Required:  1.11, Required:  3486.68, Partial:  3872.71, Net: _2242_, Pin: _4494_/A, Layer: met3
Partial/Required:  1.11, Required:  3410.04, Partial:  3768.89, Net: _0204_, Pin: _4844_/D, Layer: met2
Partial/Required:  1.11, Required:  3308.48, Partial:  3656.38, Net: _0146_, Pin: _4786_/D, Layer: met5
Partial/Required:  1.10, Required:  2773.88, Partial:  3061.86, Net: _2003_, Pin: _4043_/A, Layer: met3
Partial/Required:  1.10, Required:  3130.28, Partial:  3452.06, Net: RF.registers\[9\]\[5\], Pin: _2738_/A, Layer: met3
Partial/Required:  1.10, Required:  3918.68, Partial:   4312.5, Net: _1546_, Pin: _3458_/A3, Layer: met3
Partial/Required:  1.09, Required:  3486.68, Partial:  3811.17, Net: _1127_, Pin: _3029_/A2, Layer: met3
Partial/Required:  1.09, Required:  3308.48, Partial:  3614.98, Net: _0176_, Pin: _4816_/D, Layer: met4
Partial/Required:  1.09, Required:  3486.68, Partial:  3803.77, Net: _0904_, Pin: _2806_/A1, Layer: met4
Partial/Required:  1.08, Required:    400.0, Partial:    432.3, Net: _0727_, Pin: _2795_/A1, Layer: met1
Partial/Required:  1.08, Required:    400.0, Partial:   432.19, Net: _2035_, Pin: load_slew292/A, Layer: met1
Partial/Required:  1.08, Required:  2773.88, Partial:  2984.79, Net: _2151_, Pin: _4321_/A, Layer: met3
Partial/Required:  1.07, Required:  3130.28, Partial:  3361.91, Net: RF.registers\[10\]\[5\], Pin: _3498_/A0, Layer: met3
Partial/Required:  1.07, Required:  3486.68, Partial:  3732.95, Net: _2270_, Pin: _4547_/A, Layer: met3
Partial/Required:  1.07, Required:  2773.88, Partial:  2967.72, Net: _0327_, Pin: _4967_/D, Layer: met2
Partial/Required:  1.07, Required:  3091.96, Partial:  3296.76, Net: _0037_, Pin: _4677_/D, Layer: met3
Partial/Required:  1.07, Required:  2773.88, Partial:  2955.27, Net: _1593_, Pin: _3524_/A, Layer: met4
Partial/Required:  1.06, Required:   4046.2, Partial:  4293.04, Net: net356, Pin: _3379_/A, Layer: met4
Partial/Required:  1.06, Required:  3486.68, Partial:  3695.97, Net: _0710_, Pin: _2613_/A0, Layer: met4
Partial/Required:  1.06, Required:  3486.68, Partial:  3687.66, Net: _2218_, Pin: _4448_/A, Layer: met5
Partial/Required:  1.06, Required:  2773.88, Partial:  2928.52, Net: _0584_, Pin: _2513_/A0, Layer: met3
Partial/Required:  1.06, Required:  3767.48, Partial:  3976.53, Net: _1449_, Pin: _3358_/B1_N, Layer: met4
Partial/Required:  1.06, Required:  3410.04, Partial:  3597.71, Net: _0326_, Pin: _4966_/D, Layer: met4
Partial/Required:  1.05, Required:  3147.38, Partial:  3318.43, Net: _0741_, Pin: _2645_/B1, Layer: met4
Partial/Required:  1.05, Required:  3486.68, Partial:  3666.92, Net: _2259_, Pin: _4526_/A, Layer: met4
Partial/Required:  1.05, Required:  3486.68, Partial:  3656.11, Net: _2055_, Pin: _4138_/A, Layer: met4
Partial/Required:  1.05, Required:    400.0, Partial:   418.36, Net: RF.registers\[5\]\[29\], Pin: _2777_/A1, Layer: met1
Partial/Required:  1.05, Required:    400.0, Partial:   418.19, Net: _0528_, Pin: _2560_/A, Layer: met1
Partial/Required:  1.04, Required:  2773.88, Partial:  2880.38, Net: _0399_, Pin: _5039_/D, Layer: met3
Partial/Required:  1.04, Required:  2773.88, Partial:   2880.3, Net: _1952_, Pin: _3950_/A, Layer: met4
Partial/Required:  1.04, Required:  3486.68, Partial:  3617.36, Net: _0729_, Pin: _2631_/A1, Layer: met4
Partial/Required:  1.04, Required:  2773.88, Partial:  2875.27, Net: _2045_, Pin: _4119_/A, Layer: met3
Partial/Required:  1.03, Required:  2947.76, Partial:  3040.16, Net: RF.registers\[10\]\[18\], Pin: _2917_/A1, Layer: met3
Partial/Required:  1.03, Required:  2947.76, Partial:  3040.16, Net: RF.registers\[10\]\[18\], Pin: _3586_/A0, Layer: met3
Partial/Required:  1.03, Required:  3486.68, Partial:  3595.17, Net: _2114_, Pin: _4249_/A, Layer: met3
Partial/Required:  1.03, Required:  3410.04, Partial:  3514.74, Net: _2297_, Pin: _4600_/A, Layer: met3
Partial/Required:  1.03, Required:  2773.88, Partial:  2854.46, Net: _0791_, Pin: _3118_/A, Layer: met3
Partial/Required:  1.02, Required:  3308.48, Partial:  3386.36, Net: _2294_, Pin: _4594_/A, Layer: met4
Partial/Required:  1.02, Required:  3138.28, Partial:  3206.67, Net: _0053_, Pin: _4693_/D, Layer: met2
Partial/Required:  1.02, Required:  3130.28, Partial:  3194.92, Net: RF.registers\[25\]\[22\], Pin: _4216_/A0, Layer: met3
Partial/Required:  1.02, Required:  3130.28, Partial:  3188.75, Net: _0598_, Pin: _2500_/C1, Layer: met3
Partial/Required:  1.02, Required:  3130.28, Partial:  3186.62, Net: _0825_, Pin: _4304_/B1_N, Layer: met3
Partial/Required:  1.02, Required:  2773.88, Partial:  2819.98, Net: net101, Pin: _3423_/B1, Layer: met3
Partial/Required:  1.01, Required:  2773.88, Partial:  2812.06, Net: RF.registers\[9\]\[12\], Pin: _4597_/A, Layer: met3
Partial/Required:  1.01, Required:  3486.68, Partial:   3518.8, Net: _1969_, Pin: _3982_/A, Layer: met4
Partial/Required:  1.01, Required:  2773.88, Partial:  2791.76, Net: _2014_, Pin: _4064_/A, Layer: met3
Partial/Required:  1.00, Required:  2773.88, Partial:  2786.16, Net: _0230_, Pin: _4870_/D, Layer: met3
Partial/Required:  1.00, Required:    400.0, Partial:   401.53, Net: net178, Pin: _3315_/B2, Layer: met1
Partial/Required:  1.00, Required:  2773.88, Partial:  2775.06, Net: _2044_, Pin: _4117_/A, Layer: met3
Partial/Required:  1.00, Required:  2773.88, Partial:  2774.82, Net: _0715_, Pin: _2617_/C1, Layer: met3
