
===========================================================================
report_checks -unconstrained
===========================================================================
======================= Typical Corner ===================================

Startpoint: reset (input port clocked by clk)
Endpoint: _2805_ (recovery check against rising-edge clock clk)
Path Group: asynchronous
Path Type: max

Fanout     Cap    Slew   Delay    Time   Description
-----------------------------------------------------------------------------
                  0.15    0.00    0.00   clock clk (rise edge)
                          0.00    0.00   clock network delay (ideal)
                         10.00   10.00 v input external delay
     1    0.01    0.02    0.01   10.01 v reset (in)
                                         reset (net)
                  0.02    0.00   10.01 v input2/A (sky130_fd_sc_hd__buf_8)
     3    0.11    0.08    0.15   10.17 v input2/X (sky130_fd_sc_hd__buf_8)
                                         net2 (net)
                  0.10    0.03   10.20 v _1685_/A (sky130_fd_sc_hd__inv_4)
     1    0.06    0.17    0.18   10.37 ^ _1685_/Y (sky130_fd_sc_hd__inv_4)
                                         _0000_ (net)
                  0.18    0.02   10.40 ^ _2805_/RESET_B (sky130_fd_sc_hd__dfrtp_4)
                                 10.40   data arrival time

                  0.15   50.00   50.00   clock clk (rise edge)
                          0.00   50.00   clock network delay (ideal)
                         -0.25   49.75   clock uncertainty
                          0.00   49.75   clock reconvergence pessimism
                                 49.75 ^ _2805_/CLK (sky130_fd_sc_hd__dfrtp_4)
                          0.21   49.96   library recovery time
                                 49.96   data required time
-----------------------------------------------------------------------------
                                 49.96   data required time
                                -10.40   data arrival time
-----------------------------------------------------------------------------
                                 39.56   slack (MET)


Startpoint: control (input port clocked by clk)
Endpoint: seg_out[4] (output port clocked by clk)
Path Group: clk
Path Type: max

Fanout     Cap    Slew   Delay    Time   Description
-----------------------------------------------------------------------------
                  0.15    0.00    0.00   clock clk (rise edge)
                          0.00    0.00   clock network delay (ideal)
                         10.00   10.00 ^ input external delay
     1    0.01    0.05    0.04   10.04 ^ control (in)
                                         control (net)
                  0.05    0.00   10.04 ^ input1/A (sky130_fd_sc_hd__buf_12)
     5    0.18    0.20    0.19   10.22 ^ input1/X (sky130_fd_sc_hd__buf_12)
                                         net1 (net)
                  0.27    0.10   10.32 ^ _1794_/B1 (sky130_fd_sc_hd__o31a_4)
     3    0.04    0.12    0.28   10.60 ^ _1794_/X (sky130_fd_sc_hd__o31a_4)
                                         _0251_ (net)
                  0.12    0.00   10.60 ^ load_slew426/A (sky130_fd_sc_hd__buf_8)
     3    0.10    0.16    0.19   10.80 ^ load_slew426/X (sky130_fd_sc_hd__buf_8)
                                         net426 (net)
                  0.17    0.04   10.84 ^ max_cap425/A (sky130_fd_sc_hd__buf_12)
     4    0.09    0.12    0.19   11.02 ^ max_cap425/X (sky130_fd_sc_hd__buf_12)
                                         net425 (net)
                  0.13    0.03   11.05 ^ _1814_/A (sky130_fd_sc_hd__buf_12)
    10    0.24    0.27    0.26   11.32 ^ _1814_/X (sky130_fd_sc_hd__buf_12)
                                         _0271_ (net)
                  0.31    0.09   11.40 ^ _1821_/S (sky130_fd_sc_hd__mux2_8)
     1    0.06    0.10    0.49   11.89 v _1821_/X (sky130_fd_sc_hd__mux2_8)
                                         _0278_ (net)
                  0.11    0.02   11.91 v _1822_/B (sky130_fd_sc_hd__nand2_8)
     2    0.08    0.14    0.17   12.08 ^ _1822_/Y (sky130_fd_sc_hd__nand2_8)
                                         _0279_ (net)
                  0.14    0.02   12.10 ^ _1862_/A2 (sky130_fd_sc_hd__a31oi_4)
     2    0.02    0.14    0.15   12.25 v _1862_/Y (sky130_fd_sc_hd__a31oi_4)
                                         _0318_ (net)
                  0.14    0.00   12.25 v wire368/A (sky130_fd_sc_hd__buf_4)
     2    0.04    0.07    0.23   12.48 v wire368/X (sky130_fd_sc_hd__buf_4)
                                         net368 (net)
                  0.07    0.01   12.49 v wire366/A (sky130_fd_sc_hd__clkbuf_8)
     3    0.04    0.06    0.19   12.68 v wire366/X (sky130_fd_sc_hd__clkbuf_8)
                                         net366 (net)
                  0.06    0.00   12.68 v _1863_/B (sky130_fd_sc_hd__or4_4)
     3    0.06    0.17    0.68   13.35 v _1863_/X (sky130_fd_sc_hd__or4_4)
                                         _0319_ (net)
                  0.17    0.01   13.36 v wire346/A (sky130_fd_sc_hd__buf_8)
     3    0.10    0.08    0.22   13.58 v wire346/X (sky130_fd_sc_hd__buf_8)
                                         net346 (net)
                  0.08    0.02   13.60 v _1864_/A (sky130_fd_sc_hd__buf_12)
    10    0.26    0.13    0.22   13.82 v _1864_/X (sky130_fd_sc_hd__buf_12)
                                         _0320_ (net)
                  0.13    0.02   13.84 v _1970_/A1 (sky130_fd_sc_hd__o31ai_2)
     1    0.01    0.30    0.38   14.22 ^ _1970_/Y (sky130_fd_sc_hd__o31ai_2)
                                         _0420_ (net)
                  0.30    0.00   14.22 ^ wire294/A (sky130_fd_sc_hd__clkbuf_4)
     1    0.03    0.09    0.26   14.49 ^ wire294/X (sky130_fd_sc_hd__clkbuf_4)
                                         net294 (net)
                  0.09    0.00   14.49 ^ wire293/A (sky130_fd_sc_hd__buf_4)
     1    0.03    0.08    0.16   14.66 ^ wire293/X (sky130_fd_sc_hd__buf_4)
                                         net293 (net)
                  0.08    0.00   14.66 ^ wire292/A (sky130_fd_sc_hd__buf_6)
     1    0.03    0.06    0.13   14.79 ^ wire292/X (sky130_fd_sc_hd__buf_6)
                                         net292 (net)
                  0.06    0.00   14.79 ^ wire291/A (sky130_fd_sc_hd__buf_8)
     1    0.03    0.05    0.12   14.91 ^ wire291/X (sky130_fd_sc_hd__buf_8)
                                         net291 (net)
                  0.05    0.00   14.91 ^ _1973_/A1 (sky130_fd_sc_hd__a21oi_2)
     1    0.01    0.09    0.08   14.99 v _1973_/Y (sky130_fd_sc_hd__a21oi_2)
                                         _0423_ (net)
                  0.09    0.00   14.99 v wire261/A (sky130_fd_sc_hd__buf_4)
     2    0.05    0.08    0.21   15.20 v wire261/X (sky130_fd_sc_hd__buf_4)
                                         net261 (net)
                  0.08    0.00   15.21 v max_cap260/A (sky130_fd_sc_hd__buf_6)
     1    0.05    0.05    0.16   15.37 v max_cap260/X (sky130_fd_sc_hd__buf_6)
                                         net260 (net)
                  0.06    0.01   15.38 v _1976_/A2 (sky130_fd_sc_hd__o21ai_4)
     2    0.04    0.31    0.29   15.67 ^ _1976_/Y (sky130_fd_sc_hd__o21ai_4)
                                         _0426_ (net)
                  0.31    0.01   15.68 ^ max_cap232/A (sky130_fd_sc_hd__buf_4)
     1    0.04    0.11    0.25   15.92 ^ max_cap232/X (sky130_fd_sc_hd__buf_4)
                                         net232 (net)
                  0.11    0.01   15.93 ^ _2013_/A2 (sky130_fd_sc_hd__a21bo_4)
     1    0.04    0.13    0.21   16.14 ^ _2013_/X (sky130_fd_sc_hd__a21bo_4)
                                         _0462_ (net)
                  0.13    0.01   16.15 ^ _2014_/B1 (sky130_fd_sc_hd__o31ai_4)
     1    0.01    0.08    0.11   16.26 v _2014_/Y (sky130_fd_sc_hd__o31ai_4)
                                         _0463_ (net)
                  0.08    0.00   16.26 v wire182/A (sky130_fd_sc_hd__clkbuf_4)
     1    0.03    0.06    0.19   16.45 v wire182/X (sky130_fd_sc_hd__clkbuf_4)
                                         net182 (net)
                  0.06    0.00   16.46 v wire181/A (sky130_fd_sc_hd__buf_4)
     1    0.03    0.05    0.17   16.63 v wire181/X (sky130_fd_sc_hd__buf_4)
                                         net181 (net)
                  0.05    0.00   16.64 v wire180/A (sky130_fd_sc_hd__buf_6)
     1    0.03    0.04    0.14   16.77 v wire180/X (sky130_fd_sc_hd__buf_6)
                                         net180 (net)
                  0.04    0.00   16.78 v _2015_/B1 (sky130_fd_sc_hd__a31o_4)
     2    0.08    0.13    0.31   17.09 v _2015_/X (sky130_fd_sc_hd__a31o_4)
                                         _0464_ (net)
                  0.13    0.02   17.11 v _2059_/A1 (sky130_fd_sc_hd__a211oi_1)
     1    0.00    0.23    0.28   17.39 ^ _2059_/Y (sky130_fd_sc_hd__a211oi_1)
                                         _0507_ (net)
                  0.23    0.00   17.39 ^ wire132/A (sky130_fd_sc_hd__clkbuf_2)
     1    0.03    0.14    0.24   17.63 ^ wire132/X (sky130_fd_sc_hd__clkbuf_2)
                                         net132 (net)
                  0.14    0.00   17.64 ^ wire131/A (sky130_fd_sc_hd__buf_4)
     3    0.03    0.08    0.18   17.82 ^ wire131/X (sky130_fd_sc_hd__buf_4)
                                         net131 (net)
                  0.08    0.00   17.82 ^ max_cap130/A (sky130_fd_sc_hd__buf_2)
     1    0.03    0.13    0.19   18.02 ^ max_cap130/X (sky130_fd_sc_hd__buf_2)
                                         net130 (net)
                  0.13    0.00   18.02 ^ wire129/A (sky130_fd_sc_hd__buf_4)
     1    0.03    0.08    0.18   18.20 ^ wire129/X (sky130_fd_sc_hd__buf_4)
                                         net129 (net)
                  0.08    0.00   18.20 ^ wire128/A (sky130_fd_sc_hd__clkbuf_8)
     2    0.03    0.06    0.16   18.36 ^ wire128/X (sky130_fd_sc_hd__clkbuf_8)
                                         net128 (net)
                  0.06    0.00   18.36 ^ _2093_/A (sky130_fd_sc_hd__nor2_4)
     2    0.05    0.12    0.08   18.44 v _2093_/Y (sky130_fd_sc_hd__nor2_4)
                                         _0541_ (net)
                  0.12    0.01   18.45 v _2110_/A1 (sky130_fd_sc_hd__o21a_4)
     3    0.10    0.15    0.36   18.81 v _2110_/X (sky130_fd_sc_hd__o21a_4)
                                         _0558_ (net)
                  0.16    0.03   18.83 v _2184_/C (sky130_fd_sc_hd__or3_4)
     1    0.06    0.14    0.49   19.33 v _2184_/X (sky130_fd_sc_hd__or3_4)
                                         _0627_ (net)
                  0.15    0.02   19.35 v _2191_/A2 (sky130_fd_sc_hd__a32o_2)
     1    0.02    0.08    0.37   19.72 v _2191_/X (sky130_fd_sc_hd__a32o_2)
                                         _0634_ (net)
                  0.08    0.00   19.72 v _2192_/A (sky130_fd_sc_hd__buf_12)
     7    0.21    0.10    0.17   19.89 v _2192_/X (sky130_fd_sc_hd__buf_12)
                                         net13 (net)
                  0.22    0.11   20.00 v _2193_/C (sky130_fd_sc_hd__and3_2)
     1    0.02    0.08    0.35   20.35 v _2193_/X (sky130_fd_sc_hd__and3_2)
                                         _0635_ (net)
                  0.08    0.00   20.35 v _2204_/A1 (sky130_fd_sc_hd__o32ai_4)
     1    0.01    0.27    0.35   20.70 ^ _2204_/Y (sky130_fd_sc_hd__o32ai_4)
                                         _0645_ (net)
                  0.27    0.00   20.70 ^ wire58/A (sky130_fd_sc_hd__clkbuf_4)
     1    0.02    0.09    0.25   20.96 ^ wire58/X (sky130_fd_sc_hd__clkbuf_4)
                                         net58 (net)
                  0.09    0.00   20.96 ^ wire57/A (sky130_fd_sc_hd__buf_4)
     1    0.02    0.08    0.16   21.12 ^ wire57/X (sky130_fd_sc_hd__buf_4)
                                         net57 (net)
                  0.08    0.00   21.12 ^ wire56/A (sky130_fd_sc_hd__buf_6)
     2    0.03    0.06    0.13   21.25 ^ wire56/X (sky130_fd_sc_hd__buf_6)
                                         net56 (net)
                  0.06    0.00   21.26 ^ wire55/A (sky130_fd_sc_hd__clkbuf_4)
     1    0.02    0.08    0.18   21.43 ^ wire55/X (sky130_fd_sc_hd__clkbuf_4)
                                         net55 (net)
                  0.08    0.00   21.44 ^ wire54/A (sky130_fd_sc_hd__clkbuf_8)
     1    0.02    0.06    0.16   21.60 ^ wire54/X (sky130_fd_sc_hd__clkbuf_8)
                                         net54 (net)
                  0.06    0.00   21.60 ^ wire53/A (sky130_fd_sc_hd__buf_6)
     1    0.02    0.06    0.12   21.72 ^ wire53/X (sky130_fd_sc_hd__buf_6)
                                         net53 (net)
                  0.06    0.00   21.72 ^ _2205_/A (sky130_fd_sc_hd__buf_12)
    10    0.28    0.30    0.25   21.97 ^ _2205_/X (sky130_fd_sc_hd__buf_12)
                                         _0646_ (net)
                  0.32    0.05   22.02 ^ _2227_/A1 (sky130_fd_sc_hd__a21oi_1)
     1    0.01    0.11    0.16   22.18 v _2227_/Y (sky130_fd_sc_hd__a21oi_1)
                                         _0664_ (net)
                  0.11    0.00   22.18 v wire48/A (sky130_fd_sc_hd__buf_4)
     1    0.05    0.08    0.22   22.40 v wire48/X (sky130_fd_sc_hd__buf_4)
                                         net48 (net)
                  0.08    0.01   22.41 v _2228_/B1 (sky130_fd_sc_hd__a21oi_4)
     1    0.04    0.31    0.29   22.70 ^ _2228_/Y (sky130_fd_sc_hd__a21oi_4)
                                         net43 (net)
                  0.31    0.01   22.71 ^ wire47/A (sky130_fd_sc_hd__buf_6)
     1    0.05    0.10    0.21   22.93 ^ wire47/X (sky130_fd_sc_hd__buf_6)
                                         net47 (net)
                  0.11    0.01   22.94 ^ wire46/A (sky130_fd_sc_hd__buf_12)
     1    0.05    0.07    0.14   23.08 ^ wire46/X (sky130_fd_sc_hd__buf_12)
                                         net46 (net)
                  0.07    0.01   23.09 ^ output43/A (sky130_fd_sc_hd__buf_2)
     1    0.03    0.17    0.22   23.31 ^ output43/X (sky130_fd_sc_hd__buf_2)
                                         seg_out[4] (net)
                  0.17    0.00   23.31 ^ seg_out[4] (out)
                                 23.31   data arrival time

                  0.15   50.00   50.00   clock clk (rise edge)
                          0.00   50.00   clock network delay (ideal)
                         -0.25   49.75   clock uncertainty
                          0.00   49.75   clock reconvergence pessimism
                        -10.00   39.75   output external delay
                                 39.75   data required time
-----------------------------------------------------------------------------
                                 39.75   data required time
                                -23.31   data arrival time
-----------------------------------------------------------------------------
                                 16.44   slack (MET)




===========================================================================
report_checks --slack_max -0.01
============================================================================
======================= Typical Corner ===================================

No paths found.


===========================================================================
 report_check_types -max_slew -max_cap -max_fanout -violators
============================================================================
======================= Typical Corner ===================================


max slew violations count Typical: 0
max fanout violations count Typical: 0
max cap violations count Typical: 0

===========================================================================
report_parasitic_annotation -report_unannotated
============================================================================
Found 1 unannotated drivers.
 clk
Found 0 partially unannotated drivers.

===========================================================================
max slew violation count 0
max fanout violation count 0
max cap violation count 0
============================================================================

===========================================================================
check_setup -verbose -unconstrained_endpoints -multiple_clock -no_clock -no_input_delay -loops -generated_clocks
===========================================================================
