Partial/Required:  4.54, Required:    400.0, Partial:   1815.0, Net: net195, Pin: _2274_/A_N, Layer: met1
Partial/Required:  3.60, Required:    400.0, Partial:  1438.97, Net: _1105_, Pin: _1398_/A, Layer: met1
Partial/Required:  3.21, Required:  3486.68, Partial: 11181.21, Net: _0025_, Pin: _2645_/D, Layer: met4
Partial/Required:  3.21, Required:    400.0, Partial:  1282.32, Net: _0691_, Pin: _2595_/A, Layer: met1
Partial/Required:  3.08, Required:  2773.88, Partial:  8550.48, Net: _0031_, Pin: _2651_/D, Layer: met3
Partial/Required:  3.00, Required:  3486.68, Partial: 10473.14, Net: _0181_, Pin: _2801_/D, Layer: met4
Partial/Required:  2.75, Required:  3130.28, Partial:  8600.55, Net: _0886_, Pin: _2462_/B1, Layer: met4
Partial/Required:  2.66, Required:  3308.48, Partial:  8815.24, Net: _0027_, Pin: _2647_/D, Layer: met4
Partial/Required:  2.54, Required:  3308.48, Partial:  8399.75, Net: _0172_, Pin: _2792_/D, Layer: met4
Partial/Required:  2.37, Required:  3486.68, Partial:  8271.24, Net: _0209_, Pin: _2829_/D, Layer: met4
Partial/Required:  2.35, Required:  2773.88, Partial:   6529.4, Net: _0209_, Pin: _2829_/D, Layer: met3
Partial/Required:  2.31, Required:  3410.04, Partial:  7874.03, Net: _0140_, Pin: _2760_/D, Layer: met4
Partial/Required:  2.24, Required:  3130.28, Partial:  7010.54, Net: _0163_, Pin: _2783_/D, Layer: met4
Partial/Required:  2.20, Required:  3410.04, Partial:   7494.1, Net: _0059_, Pin: _2679_/D, Layer: met4
Partial/Required:  2.11, Required:  3843.08, Partial:   8089.9, Net: net423, Pin: _2625_/D, Layer: met4
Partial/Required:  2.04, Required:    400.0, Partial:   815.44, Net: RF.registers\[20\]\[23\], Pin: _2416_/A0, Layer: met1
Partial/Required:  2.03, Required:  3410.04, Partial:  6924.19, Net: _0037_, Pin: _2657_/D, Layer: met4
Partial/Required:  1.98, Required:  3130.28, Partial:  6199.62, Net: _0765_, Pin: _2335_/B1, Layer: met4
Partial/Required:  1.97, Required:  2773.88, Partial:   5454.6, Net: _0134_, Pin: _2754_/D, Layer: met3
Partial/Required:  1.96, Required:  3308.48, Partial:  6500.06, Net: _0156_, Pin: _2776_/D, Layer: met4
Partial/Required:  1.96, Required:  3130.28, Partial:  6147.05, Net: _0045_, Pin: _2665_/D, Layer: met4
Partial/Required:  1.80, Required:  2773.88, Partial:  4998.98, Net: _0151_, Pin: _2771_/D, Layer: met3
Partial/Required:  1.79, Required:  3410.04, Partial:  6112.51, Net: _0121_, Pin: _2741_/D, Layer: met4
Partial/Required:  1.75, Required:  3486.68, Partial:  6089.26, Net: _1126_, Pin: _1438_/A, Layer: met4
Partial/Required:  1.73, Required:  2773.88, Partial:  4812.06, Net: _0036_, Pin: _2656_/D, Layer: met3
Partial/Required:  1.73, Required:  3486.68, Partial:  6034.79, Net: _0031_, Pin: _2651_/D, Layer: met4
Partial/Required:  1.59, Required:    400.0, Partial:   636.92, Net: clk, Pin: clkbuf_0_clk/A, Layer: met4
Partial/Required:  1.58, Required:  2773.88, Partial:  4373.97, Net: net445, Pin: _2098_/A1, Layer: met3
Partial/Required:  1.55, Required:  3486.68, Partial:  5413.08, Net: _0134_, Pin: _2754_/D, Layer: met4
Partial/Required:  1.54, Required:  2773.88, Partial:  4268.83, Net: _0059_, Pin: _2679_/D, Layer: met3
Partial/Required:  1.53, Required:  3486.68, Partial:  5322.99, Net: _0358_, Pin: _1906_/A0, Layer: met4
Partial/Required:  1.50, Required:  3410.04, Partial:  5128.13, Net: _0109_, Pin: _2729_/D, Layer: met4
Partial/Required:  1.50, Required:  3308.48, Partial:   4972.7, Net: _0042_, Pin: _2662_/D, Layer: met4
Partial/Required:  1.49, Required:  3486.68, Partial:  5206.54, Net: _1227_, Pin: _1633_/A, Layer: met4
Partial/Required:  1.49, Required:  3918.68, Partial:  5824.13, Net: _0862_, Pin: _2439_/A2, Layer: met4
Partial/Required:  1.47, Required:  3410.04, Partial:  5007.24, Net: _0111_, Pin: _2731_/D, Layer: met4
Partial/Required:  1.46, Required:  2773.88, Partial:  4048.63, Net: _0109_, Pin: _2729_/D, Layer: met3
Partial/Required:  1.46, Required:    400.0, Partial:   583.42, Net: _0298_, Pin: _2060_/B1, Layer: met1
Partial/Required:  1.45, Required:  2773.88, Partial:  4010.99, Net: _0819_, Pin: _2392_/B1, Layer: met3
Partial/Required:  1.44, Required:  3410.04, Partial:  4925.22, Net: _0105_, Pin: _2725_/D, Layer: met2
Partial/Required:  1.44, Required:  3410.04, Partial:  4912.25, Net: _0053_, Pin: _2673_/D, Layer: met4
Partial/Required:  1.43, Required:    400.0, Partial:   571.43, Net: _0227_, Pin: _1848_/A, Layer: met1
Partial/Required:  1.41, Required:  2773.88, Partial:  3924.19, Net: _0181_, Pin: _2801_/D, Layer: met3
Partial/Required:  1.41, Required:  2773.88, Partial:  3900.83, Net: _0027_, Pin: _2647_/D, Layer: met3
Partial/Required:  1.40, Required:    400.0, Partial:   561.98, Net: RF.registers\[10\]\[19\], Pin: _2312_/A1, Layer: met1
Partial/Required:  1.40, Required:    400.0, Partial:    559.6, Net: ID.pc\[1\], Pin: _1800_/A1, Layer: met1
Partial/Required:  1.39, Required:  3130.28, Partial:  4347.09, Net: _0819_, Pin: _2392_/B1, Layer: met4
Partial/Required:  1.38, Required:  3486.68, Partial:  4813.06, Net: _1004_, Pin: _2586_/A0, Layer: met4
Partial/Required:  1.37, Required:  2773.88, Partial:  3807.37, Net: _0025_, Pin: _2645_/D, Layer: met3
Partial/Required:  1.37, Required:  3308.48, Partial:  4540.22, Net: _0154_, Pin: _2774_/D, Layer: met2
Partial/Required:  1.36, Required:  3410.04, Partial:  4636.89, Net: _0104_, Pin: _2724_/D, Layer: met2
Partial/Required:  1.35, Required:  3486.68, Partial:  4715.89, Net: _0191_, Pin: _2811_/D, Layer: met2
Partial/Required:  1.34, Required:    400.0, Partial:   536.21, Net: _0629_, Pin: _2281_/A1, Layer: met1
Partial/Required:  1.34, Required:    400.0, Partial:   535.45, Net: _0239_, Pin: _2191_/A1, Layer: met1
Partial/Required:  1.33, Required:    400.0, Partial:   530.64, Net: _0674_, Pin: _2241_/C, Layer: met1
Partial/Required:  1.32, Required:    400.0, Partial:   526.89, Net: RF.registers\[15\]\[1\], Pin: _1351_/A0, Layer: met1
Partial/Required:  1.31, Required:  2773.88, Partial:  3637.97, Net: _0042_, Pin: _2662_/D, Layer: met3
Partial/Required:  1.31, Required:  3130.28, Partial:  4103.89, Net: _0049_, Pin: _2669_/D, Layer: met2
Partial/Required:  1.30, Required:  3308.48, Partial:  4301.89, Net: _0132_, Pin: _2752_/D, Layer: met2
Partial/Required:  1.28, Required:  2773.88, Partial:  3554.93, Net: _1214_, Pin: _1608_/A, Layer: met3
Partial/Required:  1.28, Required:  3308.48, Partial:  4231.33, Net: _0030_, Pin: _2650_/D, Layer: met2
Partial/Required:  1.27, Required:  3486.68, Partial:  4443.34, Net: _1093_, Pin: _1375_/A, Layer: met4
Partial/Required:  1.26, Required:  2773.88, Partial:  3506.55, Net: _1217_, Pin: _1614_/A, Layer: met3
Partial/Required:  1.25, Required:  3308.48, Partial:  4151.11, Net: _0103_, Pin: _2723_/D, Layer: met2
Partial/Required:  1.25, Required:  3308.48, Partial:  4126.48, Net: net445, Pin: _2098_/A1, Layer: met4
Partial/Required:  1.24, Required:  3486.68, Partial:  4340.58, Net: _1208_, Pin: _1596_/A, Layer: met4
Partial/Required:  1.24, Required:  3410.04, Partial:   4238.0, Net: _0044_, Pin: _2664_/D, Layer: met2
Partial/Required:  1.24, Required:  2773.88, Partial:  3439.37, Net: _0023_, Pin: _2643_/D, Layer: met3
Partial/Required:  1.24, Required:  3130.28, Partial:   3873.6, Net: net45, Pin: output45/A, Layer: met2
Partial/Required:  1.23, Required:  3308.48, Partial:   4083.3, Net: _0135_, Pin: _2755_/D, Layer: met4
Partial/Required:  1.23, Required:  3130.28, Partial:  3856.11, Net: _0120_, Pin: _2740_/D, Layer: met2
Partial/Required:  1.23, Required:  3486.68, Partial:  4278.89, Net: _0041_, Pin: _2661_/D, Layer: met2
Partial/Required:  1.23, Required:  3767.48, Partial:  4619.22, Net: _0017_, Pin: _2637_/D, Layer: met2
Partial/Required:  1.22, Required:  3130.28, Partial:  3807.67, Net: _0164_, Pin: _2784_/D, Layer: met2
Partial/Required:  1.20, Required:  3308.48, Partial:  3977.33, Net: _0061_, Pin: _2681_/D, Layer: met2
Partial/Required:  1.19, Required:  2952.08, Partial:  3522.03, Net: _0084_, Pin: _2704_/D, Layer: met4
Partial/Required:  1.19, Required:  3486.68, Partial:  4131.76, Net: _1188_, Pin: _1558_/A, Layer: met4
Partial/Required:  1.18, Required:  3143.48, Partial:  3722.86, Net: _0685_, Pin: _2263_/A2, Layer: met4
Partial/Required:  1.18, Required:  3410.04, Partial:  4037.78, Net: _0192_, Pin: _2812_/D, Layer: met2
Partial/Required:  1.18, Required:  2773.88, Partial:  3270.53, Net: net49, Pin: _2222_/B2, Layer: met3
Partial/Required:  1.18, Required:  3843.08, Partial:  4524.78, Net: _0122_, Pin: _2742_/D, Layer: met2
Partial/Required:  1.17, Required:  3486.68, Partial:  4071.44, Net: _0071_, Pin: _2691_/D, Layer: met2
Partial/Required:  1.17, Required:  3410.04, Partial:  3978.89, Net: _0143_, Pin: _2763_/D, Layer: met2
Partial/Required:  1.15, Required:  3486.68, Partial:  4012.89, Net: _0672_, Pin: _2239_/A1, Layer: met2
Partial/Required:  1.14, Required:  3130.28, Partial:  3565.21, Net: _0039_, Pin: _2659_/D, Layer: met4
Partial/Required:  1.14, Required:  2773.88, Partial:   3158.5, Net: _0217_, Pin: _2837_/D, Layer: met2
Partial/Required:  1.12, Required:  3308.48, Partial:  3712.51, Net: _0001_, Pin: _2806_/RESET_B, Layer: met4
Partial/Required:  1.12, Required:  2773.88, Partial:  3094.73, Net: _0140_, Pin: _2760_/D, Layer: met3
Partial/Required:  1.09, Required:  3486.68, Partial:  3804.48, Net: _1289_, Pin: _1755_/A, Layer: met2
Partial/Required:  1.09, Required:   4046.2, Partial:  4405.44, Net: _0050_, Pin: _2670_/D, Layer: met2
Partial/Required:  1.08, Required:  3130.28, Partial:  3367.56, Net: _0200_, Pin: _2820_/D, Layer: met2
Partial/Required:  1.07, Required:  3410.04, Partial:  3660.19, Net: _0102_, Pin: _2722_/D, Layer: met4
Partial/Required:  1.07, Required:  3918.68, Partial:  4197.62, Net: _1056_, Pin: _1311_/B, Layer: met4
Partial/Required:  1.07, Required:    400.0, Partial:   427.41, Net: _0299_, Pin: _1844_/C1, Layer: met1
Partial/Required:  1.06, Required:  3130.28, Partial:  3325.33, Net: _0106_, Pin: _2726_/D, Layer: met2
Partial/Required:  1.06, Required:  3308.48, Partial:  3510.78, Net: _0090_, Pin: _2710_/D, Layer: met2
Partial/Required:  1.06, Required:    400.0, Partial:   423.65, Net: RF.registers\[25\]\[17\], Pin: _2266_/A1, Layer: met1
Partial/Required:  1.06, Required:    400.0, Partial:   422.32, Net: SSD.count\[9\], Pin: _1320_/A, Layer: met1
Partial/Required:  1.05, Required:  3130.28, Partial:  3278.78, Net: _0115_, Pin: _2735_/D, Layer: met2
Partial/Required:  1.05, Required:  3486.68, Partial:  3648.33, Net: _0167_, Pin: _2787_/D, Layer: met2
Partial/Required:  1.05, Required:  3308.48, Partial:  3461.59, Net: _0214_, Pin: _2834_/D, Layer: met4
Partial/Required:  1.04, Required:   4046.2, Partial:  4224.44, Net: _0067_, Pin: _2687_/D, Layer: met2
Partial/Required:  1.04, Required:  3308.48, Partial:  3452.56, Net: _0155_, Pin: _2775_/D, Layer: met2
Partial/Required:  1.04, Required:  3486.68, Partial:  3626.07, Net: _1148_, Pin: _1481_/A, Layer: met4
Partial/Required:  1.03, Required:  3130.28, Partial:   3218.0, Net: _1074_, Pin: _1339_/C, Layer: met2
Partial/Required:  1.03, Required:  2773.88, Partial:   2849.4, Net: net423, Pin: _2625_/D, Layer: met3
Partial/Required:  1.01, Required:  3486.68, Partial:   3524.0, Net: _0206_, Pin: _2826_/D, Layer: met2
Partial/Required:  1.01, Required:    400.0, Partial:   404.11, Net: _0844_, Pin: _2445_/A, Layer: met1
